โ•”โ•โ•โ•โ•โ•โ•โ•โ•โ•โ•โ•โ•โ•โ•โ•โ•โ•โ•โ•โ•โ•โ•โ•โ•โ•โ•โ•โ•โ•โ•โ•โ•โ•โ•โ•โ•โ•โ•โ•โ•โ•—
โ•‘   SmartSlip LINE Webhook Mock Tester   โ•‘
โ•โ•โ•โ•โ•โ•โ•โ•โ•โ•โ•โ•โ•โ•โ•โ•โ•โ•โ•โ•โ•โ•โ•โ•โ•โ•โ•โ•โ•โ•โ•โ•โ•โ•โ•โ•โ•โ•โ•โ•โ•โ•

๐€ Starting Mock Webhook Test...

๐“ Target: http://localhost:3000/api/line
โฐ Time: 2026-03-11T06:33:03.493Z

๐“ Step 1: Creating mock LINE webhook payload...
โ… Payload created
Payload: {"events":[{"type":"message","message":{"type":"image","id":"test-message-1773210783494"},"replyToke...

๐” Step 2: Generating LINE signature...
โ… Signature generated: eRs25VKGWtdwySskwL9jU7Hn3LheQD...

๐“ค Step 3: Sending POST request to webhook...
node : 
At line:1 char:69
+ ... tslip-api" ; node test-webhook-mock.js > test-output.txt 2>&1 ; Get-C ...
+                  ~~~~~~~~~~~~~~~~~~~~~~~~~~~~~~~~~~~~~~~~~~~~~~~~
    + CategoryInfo          : NotSpecified: (:String) [], RemoteException
    + FullyQualifiedErrorId : NativeCommandError
 
โ Test Error: Request failed with status code 500
Response Status: 500
Response Data: {
  "success": false,
  "error": "Processing failed",
  "message": "Could not connect to any servers in your MongoDB Atlas cluster. One common reason is 
that you're trying to access the database from an IP that isn't whitelisted. Make sure your current 
IP address is on your Atlas cluster's IP whitelist: 
https://www.mongodb.com/docs/atlas/security-whitelist/"
}

๐”ง Troubleshooting:
   1. Is the dev server running? (npm run dev)
   2. Check if port is 3000 or 3001
   3. Verify LINE_CHANNEL_SECRET in .env.local
   4. Check MongoDB connection
